---
source: tests/postgres/schema.rs
expression: pretty_schema
---
Schema {
    fields: [
        Field {
            name: "id",
            data_type: Int32,
            nullable: false,
            dict_id: 0,
            dict_is_ordered: false,
            metadata: {},
        },
        Field {
            name: "small_int_col",
            data_type: Int16,
            nullable: true,
            dict_id: 0,
            dict_is_ordered: false,
            metadata: {},
        },
        Field {
            name: "integer_col",
            data_type: Int32,
            nullable: true,
            dict_id: 0,
            dict_is_ordered: false,
            metadata: {},
        },
        Field {
            name: "big_int_col",
            data_type: Int64,
            nullable: true,
            dict_id: 0,
            dict_is_ordered: false,
            metadata: {},
        },
        Field {
            name: "decimal_col",
            data_type: Decimal128(
                10,
                2,
            ),
            nullable: true,
            dict_id: 0,
            dict_is_ordered: false,
            metadata: {},
        },
        Field {
            name: "numeric_col",
            data_type: Decimal128(
                10,
                2,
            ),
            nullable: true,
            dict_id: 0,
            dict_is_ordered: false,
            metadata: {},
        },
        Field {
            name: "real_col",
            data_type: Float32,
            nullable: true,
            dict_id: 0,
            dict_is_ordered: false,
            metadata: {},
        },
        Field {
            name: "double_col",
            data_type: Float64,
            nullable: true,
            dict_id: 0,
            dict_is_ordered: false,
            metadata: {},
        },
        Field {
            name: "char_col",
            data_type: Utf8,
            nullable: true,
            dict_id: 0,
            dict_is_ordered: false,
            metadata: {},
        },
        Field {
            name: "varchar_col",
            data_type: Utf8,
            nullable: true,
            dict_id: 0,
            dict_is_ordered: false,
            metadata: {},
        },
        Field {
            name: "text_col",
            data_type: Utf8,
            nullable: true,
            dict_id: 0,
            dict_is_ordered: false,
            metadata: {},
        },
        Field {
            name: "bytea_col",
            data_type: Binary,
            nullable: true,
            dict_id: 0,
            dict_is_ordered: false,
            metadata: {},
        },
        Field {
            name: "date_col",
            data_type: Date32,
            nullable: true,
            dict_id: 0,
            dict_is_ordered: false,
            metadata: {},
        },
        Field {
            name: "time_col",
            data_type: Time64(
                Nanosecond,
            ),
            nullable: true,
            dict_id: 0,
            dict_is_ordered: false,
            metadata: {},
        },
        Field {
            name: "timestamp_col",
            data_type: Timestamp(
                Nanosecond,
                None,
            ),
            nullable: true,
            dict_id: 0,
            dict_is_ordered: false,
            metadata: {},
        },
        Field {
            name: "timestamptz_col",
            data_type: Timestamp(
                Nanosecond,
                Some(
                    "UTC",
                ),
            ),
            nullable: true,
            dict_id: 0,
            dict_is_ordered: false,
            metadata: {},
        },
        Field {
            name: "interval_col",
            data_type: Interval(
                MonthDayNano,
            ),
            nullable: true,
            dict_id: 0,
            dict_is_ordered: false,
            metadata: {},
        },
        Field {
            name: "boolean_col",
            data_type: Boolean,
            nullable: true,
            dict_id: 0,
            dict_is_ordered: false,
            metadata: {},
        },
        Field {
            name: "mood_col",
            data_type: Dictionary(
                Int8,
                Utf8,
            ),
            nullable: true,
            dict_id: 0,
            dict_is_ordered: false,
            metadata: {},
        },
        Field {
            name: "point_col",
            data_type: FixedSizeList(
                Field {
                    name: "item",
                    data_type: Float64,
                    nullable: true,
                    dict_id: 0,
                    dict_is_ordered: false,
                    metadata: {},
                },
                2,
            ),
            nullable: true,
            dict_id: 0,
            dict_is_ordered: false,
            metadata: {},
        },
        Field {
            name: "line_col",
            data_type: Binary,
            nullable: true,
            dict_id: 0,
            dict_is_ordered: false,
            metadata: {},
        },
        Field {
            name: "lseg_col",
            data_type: Binary,
            nullable: true,
            dict_id: 0,
            dict_is_ordered: false,
            metadata: {},
        },
        Field {
            name: "box_col",
            data_type: Binary,
            nullable: true,
            dict_id: 0,
            dict_is_ordered: false,
            metadata: {},
        },
        Field {
            name: "path_col",
            data_type: Binary,
            nullable: true,
            dict_id: 0,
            dict_is_ordered: false,
            metadata: {},
        },
        Field {
            name: "polygon_col",
            data_type: Binary,
            nullable: true,
            dict_id: 0,
            dict_is_ordered: false,
            metadata: {},
        },
        Field {
            name: "circle_col",
            data_type: Binary,
            nullable: true,
            dict_id: 0,
            dict_is_ordered: false,
            metadata: {},
        },
        Field {
            name: "inet_col",
            data_type: Utf8,
            nullable: true,
            dict_id: 0,
            dict_is_ordered: false,
            metadata: {},
        },
        Field {
            name: "cidr_col",
            data_type: Utf8,
            nullable: true,
            dict_id: 0,
            dict_is_ordered: false,
            metadata: {},
        },
        Field {
            name: "macaddr_col",
            data_type: Utf8,
            nullable: true,
            dict_id: 0,
            dict_is_ordered: false,
            metadata: {},
        },
        Field {
            name: "bit_col",
            data_type: Binary,
            nullable: true,
            dict_id: 0,
            dict_is_ordered: false,
            metadata: {},
        },
        Field {
            name: "bit_varying_col",
            data_type: Binary,
            nullable: true,
            dict_id: 0,
            dict_is_ordered: false,
            metadata: {},
        },
        Field {
            name: "tsvector_col",
            data_type: LargeUtf8,
            nullable: true,
            dict_id: 0,
            dict_is_ordered: false,
            metadata: {},
        },
        Field {
            name: "tsquery_col",
            data_type: LargeUtf8,
            nullable: true,
            dict_id: 0,
            dict_is_ordered: false,
            metadata: {},
        },
        Field {
            name: "uuid_col",
            data_type: Utf8,
            nullable: true,
            dict_id: 0,
            dict_is_ordered: false,
            metadata: {},
        },
        Field {
            name: "xml_col",
            data_type: LargeUtf8,
            nullable: true,
            dict_id: 0,
            dict_is_ordered: false,
            metadata: {},
        },
        Field {
            name: "json_col",
            data_type: LargeUtf8,
            nullable: true,
            dict_id: 0,
            dict_is_ordered: false,
            metadata: {},
        },
        Field {
            name: "jsonb_col",
            data_type: LargeUtf8,
            nullable: true,
            dict_id: 0,
            dict_is_ordered: false,
            metadata: {},
        },
        Field {
            name: "int_array_col",
            data_type: List(
                Field {
                    name: "item",
                    data_type: Int32,
                    nullable: true,
                    dict_id: 0,
                    dict_is_ordered: false,
                    metadata: {},
                },
            ),
            nullable: true,
            dict_id: 0,
            dict_is_ordered: false,
            metadata: {},
        },
        Field {
            name: "text_array_col",
            data_type: List(
                Field {
                    name: "item",
                    data_type: Utf8,
                    nullable: true,
                    dict_id: 0,
                    dict_is_ordered: false,
                    metadata: {},
                },
            ),
            nullable: true,
            dict_id: 0,
            dict_is_ordered: false,
            metadata: {},
        },
        Field {
            name: "int_range_col",
            data_type: Struct(
                [
                    Field {
                        name: "lower",
                        data_type: Int32,
                        nullable: true,
                        dict_id: 0,
                        dict_is_ordered: false,
                        metadata: {},
                    },
                    Field {
                        name: "upper",
                        data_type: Int32,
                        nullable: true,
                        dict_id: 0,
                        dict_is_ordered: false,
                        metadata: {},
                    },
                ],
            ),
            nullable: true,
            dict_id: 0,
            dict_is_ordered: false,
            metadata: {},
        },
        Field {
            name: "composite_col",
            data_type: Struct(
                [
                    Field {
                        name: "x",
                        data_type: Int32,
                        nullable: true,
                        dict_id: 0,
                        dict_is_ordered: false,
                        metadata: {},
                    },
                    Field {
                        name: "y",
                        data_type: Int32,
                        nullable: true,
                        dict_id: 0,
                        dict_is_ordered: false,
                        metadata: {},
                    },
                    Field {
                        name: "z",
                        data_type: Int64,
                        nullable: true,
                        dict_id: 0,
                        dict_is_ordered: false,
                        metadata: {},
                    },
                    Field {
                        name: "x1",
                        data_type: Decimal128(
                            10,
                            2,
                        ),
                        nullable: true,
                        dict_id: 0,
                        dict_is_ordered: false,
                        metadata: {},
                    },
                ],
            ),
            nullable: true,
            dict_id: 0,
            dict_is_ordered: false,
            metadata: {},
        },
    ],
    metadata: {},
}
