---
source: src/duckdb/creator.rs
expression: explain_result
---
┌─────────────────────────────────────┐
│┌───────────────────────────────────┐│
││    Query Profiling Information    ││
│└───────────────────────────────────┘│
└─────────────────────────────────────┘
EXPLAIN ANALYZE SELECT id, status FROM test_table WHERE name = 'Bob'
┌────────────────────────────────────────────────┐
│┌──────────────────────────────────────────────┐│
││              Total Time: replaced             ││
│└──────────────────────────────────────────────┘│
└────────────────────────────────────────────────┘
┌───────────────────────────┐
│           QUERY           │
└─────────────┬─────────────┘
┌─────────────┴─────────────┐
│      EXPLAIN_ANALYZE      │
│    ────────────────────   │
│           0 Rows          │
│          (0.00s)          │
└─────────────┬─────────────┘
┌─────────────┴─────────────┐
│         TABLE_SCAN        │
│    ────────────────────   │
│           Table:          │
│__data_test_table_redacted│
│     redacted     │
│                           │
│      Type: Index Scan     │
│                           │
│        Projections:       │
│             id            │
│           status          │
│                           │
│    Filters: name='Bob'    │
│                           │
│           1 Rows          │
│          (0.00s)          │
└───────────────────────────┘
