---
source: src/duckdb/attached_factory.rs
expression: formatted
---
+---+
| a |
+---+
| 7 |
+---+
