---
source: src/duckdb/attached_factory.rs
expression: formatted
---
+---+
| a |
+---+
| 1 |
| 2 |
| 3 |
| 4 |
| 5 |
+---+
