---
source: src/duckdb/creator.rs
expression: explain_result
---
┌─────────────────────────────────────┐
│┌───────────────────────────────────┐│
││    Query Profiling Information    ││
│└───────────────────────────────────┘│
└─────────────────────────────────────┘
EXPLAIN ANALYZE SELECT name FROM test_table WHERE id = 1
┌────────────────────────────────────────────────┐
│┌──────────────────────────────────────────────┐│
││              Total Time: replaced             ││
│└──────────────────────────────────────────────┘│
└────────────────────────────────────────────────┘
┌───────────────────────────┐
│           QUERY           │
└─────────────┬─────────────┘
┌─────────────┴─────────────┐
│      EXPLAIN_ANALYZE      │
│    ────────────────────   │
│           0 Rows          │
│          (0.00s)          │
└─────────────┬─────────────┘
┌─────────────┴─────────────┐
│         TABLE_SCAN        │
│    ────────────────────   │
│           Table:          │
│__data_test_table_redacted│
│     redacted     │
│                           │
│   Type: Sequential Scan   │
│     Projections: name     │
│       Filters: id=1       │
│                           │
│           1 Rows          │
│          (0.00s)          │
└───────────────────────────┘
