---
source: src/duckdb/creator.rs
expression: explain_result
---
┌─────────────────────────────────────┐
│┌───────────────────────────────────┐│
││    Query Profiling Information    ││
│└───────────────────────────────────┘│
└─────────────────────────────────────┘
EXPLAIN ANALYZE SELECT * FROM test_table WHERE age = 30
┌────────────────────────────────────────────────┐
│┌──────────────────────────────────────────────┐│
││              Total Time: replaced             ││
│└──────────────────────────────────────────────┘│
└────────────────────────────────────────────────┘
┌───────────────────────────┐
│           QUERY           │
└─────────────┬─────────────┘
┌─────────────┴─────────────┐
│      EXPLAIN_ANALYZE      │
│    ────────────────────   │
│           0 Rows          │
│          (0.00s)          │
└─────────────┬─────────────┘
┌─────────────┴─────────────┐
│         TABLE_SCAN        │
│    ────────────────────   │
│           Table:          │
│__data_test_table_redacted│
│     redacted     │
│                           │
│      Type: Index Scan     │
│                           │
│        Projections:       │
│            name           │
│             id            │
│            age            │
│           status          │
│                           │
│      Filters: age=30      │
│                           │
│           2 Rows          │
│          (0.00s)          │
└───────────────────────────┘
